// Jest Snapshot v1, https://goo.gl/fbAQLP

exports[`test Menu Component render snapshot 1`] = `
Object {
  "asFragment": [Function],
  "baseElement": <body>
    <div>
      <ul
        class="web-menu test web-menu-horizontal"
        data-testid="test-menu"
      >
        <li
          class="web-menu-item is-active"
        >
          active
        </li>
        <li
          class="web-menu-item is-disabled"
        >
          disable
        </li>
        <li
          class="web-menu-item"
        >
          default
        </li>
        <li
          class="web-menu-item web-submenu-item"
        >
          <div
            class="web-submenu-title"
          >
            dropdown
            <i
              class="fa"
            />
          </div>
          <ul
            class="web-submenu"
          >
            <li
              class="web-menu-item"
            >
              dropdown1
            </li>
          </ul>
        </li>
        <li
          class="web-menu-item web-submenu-item"
        >
          <div
            class="web-submenu-title"
          >
            opened
            <i
              class="fa"
            />
          </div>
          <ul
            class="web-submenu"
          >
            <li
              class="web-menu-item"
            >
              opened2
            </li>
          </ul>
        </li>
      </ul>
      <style>
        
     .web-submenu {
       display:none
     }
     .web-submenu.web-menu-opened {
       display:block
     }
  
      </style>
    </div>
  </body>,
  "container": <div>
    <ul
      class="web-menu test web-menu-horizontal"
      data-testid="test-menu"
    >
      <li
        class="web-menu-item is-active"
      >
        active
      </li>
      <li
        class="web-menu-item is-disabled"
      >
        disable
      </li>
      <li
        class="web-menu-item"
      >
        default
      </li>
      <li
        class="web-menu-item web-submenu-item"
      >
        <div
          class="web-submenu-title"
        >
          dropdown
          <i
            class="fa"
          />
        </div>
        <ul
          class="web-submenu"
        >
          <li
            class="web-menu-item"
          >
            dropdown1
          </li>
        </ul>
      </li>
      <li
        class="web-menu-item web-submenu-item"
      >
        <div
          class="web-submenu-title"
        >
          opened
          <i
            class="fa"
          />
        </div>
        <ul
          class="web-submenu"
        >
          <li
            class="web-menu-item"
          >
            opened2
          </li>
        </ul>
      </li>
    </ul>
    <style>
      
     .web-submenu {
       display:none
     }
     .web-submenu.web-menu-opened {
       display:block
     }
  
    </style>
  </div>,
  "debug": [Function],
  "findAllByAltText": [Function],
  "findAllByDisplayValue": [Function],
  "findAllByLabelText": [Function],
  "findAllByPlaceholderText": [Function],
  "findAllByRole": [Function],
  "findAllByTestId": [Function],
  "findAllByText": [Function],
  "findAllByTitle": [Function],
  "findByAltText": [Function],
  "findByDisplayValue": [Function],
  "findByLabelText": [Function],
  "findByPlaceholderText": [Function],
  "findByRole": [Function],
  "findByTestId": [Function],
  "findByText": [Function],
  "findByTitle": [Function],
  "getAllByAltText": [Function],
  "getAllByDisplayValue": [Function],
  "getAllByLabelText": [Function],
  "getAllByPlaceholderText": [Function],
  "getAllByRole": [Function],
  "getAllByTestId": [Function],
  "getAllByText": [Function],
  "getAllByTitle": [Function],
  "getByAltText": [Function],
  "getByDisplayValue": [Function],
  "getByLabelText": [Function],
  "getByPlaceholderText": [Function],
  "getByRole": [Function],
  "getByTestId": [Function],
  "getByText": [Function],
  "getByTitle": [Function],
  "queryAllByAltText": [Function],
  "queryAllByDisplayValue": [Function],
  "queryAllByLabelText": [Function],
  "queryAllByPlaceholderText": [Function],
  "queryAllByRole": [Function],
  "queryAllByTestId": [Function],
  "queryAllByText": [Function],
  "queryAllByTitle": [Function],
  "queryByAltText": [Function],
  "queryByDisplayValue": [Function],
  "queryByLabelText": [Function],
  "queryByPlaceholderText": [Function],
  "queryByRole": [Function],
  "queryByTestId": [Function],
  "queryByText": [Function],
  "queryByTitle": [Function],
  "rerender": [Function],
  "unmount": [Function],
}
`;
